cat nonexistent 2> errors.txt: command not found
